[77541.813863] sysrq: Manual OOM execution
[77541.814161] kworker/13:1 invoked oom-killer: gfp_mask=0xcc0(GFP_KERNEL), order=-1, oom_score_adj=0
[77541.814168] CPU: 13 UID: 0 PID: 194 Comm: kworker/13:1 Tainted: P           O        6.18.52 #1-NixOS PREEMPT(lazy)
[77541.814172] Tainted: [P]=PROPRIETARY_MODULE, [O]=OOT_MODULE
[77541.814173] Hardware name: System manufacturer System Product Name/PRIME X570-PRO, BIOS 5044 01/04/2026
[77541.814175] Workqueue: events moom_callback
[77541.814183] Call Trace:
[77541.814185]  <TASK>
[77541.814186]  dump_stack_lvl+0x5d/0x80
[77541.814192]  dump_header+0x43/0x1aa
[77541.814197]  oom_kill_process.cold+0x8/0x90
[77541.814200]  out_of_memory+0x1fb/0x530
[77541.814205]  moom_callback+0x7b/0xb0
[77541.814210]  process_one_work+0x18e/0x350
[77541.814215]  worker_thread+0x165/0x2d0
[77541.814219]  ? __pfx_worker_thread+0x10/0x10
[77541.814222]  kthread+0xfb/0x260
[77541.814226]  ? srso_return_thunk+0x5/0x5f
[77541.814230]  ? finish_task_switch.isra.0+0x9c/0x310
[77541.814233]  ? __pfx_kthread+0x10/0x10
[77541.814236]  ? __pfx_kthread+0x10/0x10
[77541.814240]  ret_from_fork+0x22d/0x260
[77541.814244]  ? __pfx_kthread+0x10/0x10
[77541.814247]  ret_from_fork_asm+0x1a/0x30
[77541.814254]  </TASK>
[77541.814255] Mem-Info:
[77541.814263] active_anon:310908 inactive_anon:0 isolated_anon:0
                active_file:200033 inactive_file:298205 isolated_file:0
                unevictable:0 dirty:90 writeback:0
                slab_reclaimable:63584 slab_unreclaimable:59490
                mapped:138830 shmem:20757 pagetables:2951
                sec_pagetables:915 bounce:0
                kernel_misc_reclaimable:0
                free:15064645 free_pcp:328992 free_cma:0
[77541.814269] Node 0 active_anon:1243632kB inactive_anon:0kB active_file:800132kB inactive_file:1192820kB unevictable:0kB isolated(anon):0kB isolated(file):0kB mapped:555320kB dirty:360kB writeback:0kB shmem:83028kB shmem_thp:0kB shmem_pmdmapped:0kB anon_thp:0kB kernel_stack:9568kB pagetables:11804kB sec_pagetables:3660kB all_unreclaimable? no Balloon:0kB
[77541.814275] Node 0 DMA free:11260kB boost:0kB min:12kB low:24kB high:36kB reserved_highatomic:0KB free_highatomic:0KB active_anon:0kB inactive_anon:0kB active_file:0kB inactive_file:0kB unevictable:0kB writepending:0kB zspages:0kB present:15996kB managed:15360kB mlocked:0kB bounce:0kB free_pcp:0kB local_pcp:0kB free_cma:0kB
[77541.814282] lowmem_reserve[]: 0 3168 64195 64195 64195
[77541.814289] Node 0 DMA32 free:3236244kB boost:0kB min:3308kB low:6524kB high:9740kB reserved_highatomic:0KB free_highatomic:0KB active_anon:0kB inactive_anon:0kB active_file:0kB inactive_file:0kB unevictable:0kB writepending:0kB zspages:0kB present:3310652kB managed:3244412kB mlocked:0kB bounce:0kB free_pcp:2016kB local_pcp:0kB free_cma:0kB
[77541.814296] lowmem_reserve[]: 0 0 61027 61027 61027
[77541.814303] Node 0 Normal free:57011076kB boost:0kB min:64256kB low:126740kB high:189224kB reserved_highatomic:0KB free_highatomic:0KB active_anon:1243632kB inactive_anon:0kB active_file:800132kB inactive_file:1192820kB unevictable:0kB writepending:360kB zspages:0kB present:63688192kB managed:62492248kB mlocked:0kB bounce:0kB free_pcp:1313732kB local_pcp:3528kB free_cma:0kB
[77541.814310] lowmem_reserve[]: 0 0 0 0 0
[77541.814317] Node 0 DMA: 1*4kB (U) 1*8kB (U) 1*16kB (U) 1*32kB (U) 1*64kB (U) 1*128kB (U) 1*256kB (U) 1*512kB (U) 0*1024kB 1*2048kB (M) 2*4096kB (M) = 11260kB
[77541.814345] Node 0 DMA32: 7*4kB (M) 9*8kB (UM) 9*16kB (UM) 9*32kB (UM) 8*64kB (M) 9*128kB (UM) 7*256kB (UM) 7*512kB (UM) 11*1024kB (UM) 13*2048kB (UM) 779*4096kB (M) = 3236244kB
[77541.814373] Node 0 Normal: 1979*4kB (ME) 379*8kB (M) 396*16kB (UM) 244*32kB (UM) 457*64kB (UME) 295*128kB (UME) 313*256kB (UME) 198*512kB (UME) 116*1024kB (UME) 308*2048kB (UME) 13669*4096kB (UME) = 57011396kB
[77541.814402] Node 0 hugepages_total=0 hugepages_free=0 hugepages_surp=0 hugepages_size=1048576kB
[77541.814404] Node 0 hugepages_total=0 hugepages_free=0 hugepages_surp=0 hugepages_size=2048kB
[77541.814406] 518968 total pagecache pages
[77541.814408] 0 pages in swap cache
[77541.814409] Free swap  = 9227468kB
[77541.814411] Total swap = 9227468kB
[77541.814412] 16753710 pages RAM
[77541.814414] 0 pages HighMem/MovableOnly
[77541.814415] 315705 pages reserved
[77541.814417] 0 pages cma reserved
[77541.814418] 0 pages hwpoisoned
[77541.815553] Memory allocations (profiling is currently turned on):
[77541.815556]     1.21 GiB   237476 mm/readahead.c:189 func:ractl_alloc_folio
[77541.815559]     1.07 GiB   279386 mm/memory.c:1206 func:folio_prealloc
[77541.815562]      707 MiB   169263 mm/filemap.c:2024 func:__filemap_get_folio
[77541.815565]      425 MiB    33207 mm/slub.c:3097 func:alloc_slab_page
[77541.815567]      143 MiB   133249 fs/ext4/super.c:1389 [ext4] func:ext4_alloc_inode
[77541.815570]      121 MiB    31040 mm/page_ext.c:271 func:alloc_page_ext
[77541.815573]     81.1 MiB    20757 mm/shmem.c:1898 func:shmem_alloc_folio
[77541.815575]     72.1 MiB    18470 /build/source/module/os/linux/spl/spl-kmem.c:246 [spl_kmem] func:spl_kmem_alloc_impl
[77541.815578]     65.4 MiB    16776 /build/source/module/os/linux/spl/spl-kmem-cache.c:145 [spl_kmem_cache] func:kv_alloc
[77541.815581]     50.3 MiB    12879 mm/memory.c:1208 func:folio_prealloc
[77541.815583] Tasks state (memory values in pages):
[77541.815584] [  pid  ]   uid  tgid total_vm      rss rss_anon rss_file rss_shmem pgtables_bytes swapents oom_score_adj name
[77541.815591] [    431]     0   431    12586     4625      256     4369         0   118784        0          -250 systemd-journal
[77541.815595] [    447]   154   447    24179     2345      320     2025         0   106496        0             0 systemd-timesyn
[77541.815598] [    469]     0   469    10818     3393      928     2465         0   110592        0         -1000 systemd-udevd
[77541.815602] [    584]   997   584     4136     1866      224     1642         0    73728        0          -900 systemd-oomd
[77541.815609] [   1694]     4  1694     5158     2262      644     1618         0    94208        0          -900 dbus-broker-lau
[77541.815612] [   1695]     4  1695     1579     1164      588      576         0    53248        0          -900 dbus-broker
[77541.815616] [   1697]   989  1697     2104     1036      320      716         0    61440        0             0 avahi-daemon
[77541.815619] [   1707]     0  1707     2660     1453      288     1165         0    65536        0             0 smartd
[77541.815622] [   1710]     0  1710    27678     2025      352     1673         0    98304        0             0 zed
[77541.815625] [   1799]     0  1799     4953     2141      256     1885         0    90112        0             0 systemd-logind
[77541.815628] [   1861]     0  1861    84928     5826      768     5058         0   159744        0             0 NetworkManager
[77541.815631] [   1867]   996  1867     4543     1754      224     1530         0    86016        0             0 wpa_supplicant
[77541.815634] [   1957]   992  1957   346605     6130     2359     3771         0   176128        0             0 node_exporter
[77541.815637] [   1958] 64810  1958   596003     4876     2009     2867         0   335872        0             0 smartctl_export
[77541.815640] [   1959] 64735  1959   412826     4513     2103     2410         0   229376        0             0 zfs_exporter
[77541.815643] [   1960]   255  1960   962156    30589    13803    16786         0   946176        0             0 prometheus
[77541.815647] [   1963] 63636  1963    10894     8057     4699     3358         0   126976        0             0 .wsdd-wrapped
[77541.815650] [   1966]     0  1966     3108     1847      224     1623         0    65536        0         -1000 sshd
[77541.815653] [   1974]     0  1974     2218      726       32      694         0    61440        0             0 agetty
[77541.815656] [   1980]   196  1980   834386    73048    30499    42549         0  1212416        0             0 grafana
[77541.815659] [   2055]   196  2055   324595     8153     1472     6681         0   184320        0             0 gpx_grafana_ela
[77541.815662] [   2154]   988  2154 68895385   129402    82237    29027     18138  1736704        0             0 jellyfin
[77541.815666] [   2155]     0  2155     9507     3998      416     3582         0   118784        0             0 nmbd
[77541.815669] [   2175]     0  2175    10923     5089      608     4417        64   135168        0             0 winbindd
[77541.815672] [   2184]     0  2184    12072     5611      512     4393       706   139264        0             0 smbd
[77541.815675] [   2185]     0  2185    10915     1808      618     1094        96   131072        0             0 wb[INANNA]
[77541.815678] [   2188]     0  2188    11539     1415      598      817         0   118784        0             0 smbd-notifyd
[77541.815681] [   2189]     0  2189    11543     1338      598      740         0   122880        0             0 smbd-cleanupd
[77541.815684] [   2190]     0  2190    10901     2777      642     2135         0   135168        0             0 wb-idmap
[77541.815687] [   2293]   998  2293   173574     2125      320     1805         0   172032        0             0 nsncd
[77541.815691] [  50705]     0 50705     5060     2846      352     2494         0    81920        0             0 sshd-session
[77541.815694] [  50711]  1000 50711     5715     3373      608     2765         0    94208        0           100 systemd
[77541.815697] [  50713]  1000 50713     6344      998      448      550         0    94208        0           100 (sd-pam)
[77541.815700] [  50724]  1000 50724     5100     1629      442     1187         0    77824        0             0 sshd-session
[77541.815704] [  50727]  1000 50727    72920     2765      640     2125         0   118784        0             0 fish
[77541.815708] [  55615]  1000 55615     1913      995       64      931         0    53248        0             0 sudo
[77541.815711] [  55618]  1000 55618     1913      436       77      359         0    49152        0             0 sudo
[77541.815714] [  55619]     0 55619    72855     2760      608     2152         0   122880        0             0 fish
[77541.815717] [  55666]     0 55666     5060     2999      416     2583         0    81920        0             0 sshd-session
[77541.815720] [  55669]  1000 55669     5100     1692      503     1189         0    77824        0             0 sshd-session
[77541.815723] [  55670]  1000 55670    55924     2734      576     2158         0   110592        0             0 fish
[77541.815726] [  55692]  1000 55692     1913     1013       96      917         0    53248        0             0 sudo
[77541.815729] [  55695]  1000 55695     1913      475       75      400         0    49152        0             0 sudo
[77541.815732] [  55696]     0 55696    72853     2772      608     2164         0   118784        0             0 fish
[77541.815735] [  55736]     0 55736     2426     1502      480     1022         0    65536        0             0 bash
[77541.815738] [  55817]     0 55817      919      562        0      562         0    49152        0          1000 stress
[77541.815741] [  55818]     0 55818   263064    56904    56773      131         0   516096        0             0 stress
[77541.815744] [  55819]     0 55819   263064    75986    75855      131         0   667648        0             0 stress
[77541.815747] [  55882]     0 55882     2459     1570      544     1026         0    61440        0             0 bash
[77541.815750] [  55948]     0 55948     5060     2928      384     2544         0    86016        0             0 sshd-session
[77541.815753] [  55951]  1000 55951     5100     1660      501     1159         0    81920        0             0 sshd-session
[77541.815756] [  55952]  1000 55952    55924     2677      544     2133         0   110592        0             0 fish
[77541.815759] [  55980]  1000 55980     1913      919       32      887         0    61440        0             0 sudo
[77541.815762] [  55983]  1000 55983     1913      450       75      375         0    57344        0             0 sudo
[77541.815765] [  55984]     0 55984    72823     2794      640     2154         0   126976        0             0 fish
[77541.815768] [  56022]     0 56022     4206     1174      160     1014         0    86016        0             0 tail
[77541.815771] oom-kill:constraint=CONSTRAINT_NONE,nodemask=(null),cpuset=/,mems_allowed=0,global_oom,task_memcg=/user.slice/user-1000.slice/session-80.scope,task=stress,pid=55817,uid=0
[77541.815788] Out of memory: Killed process 55817 (stress) total-vm:3676kB, anon-rss:0kB, file-rss:2248kB, shmem-rss:0kB, UID:0 pgtables:48kB oom_score_adj:1000